<?xml version="1.0" encoding="UTF-8"?>
<?xml-stylesheet type="text/xsl" href="results.xsl"?>

<results>
   
</results>
